Testing Signup...
Status: 409
Response: {
  "error": "Email already registered"
}


Testing Login...
Status: 200
Response: {
  "message": "Login successful",
  "token": "fake-jwt-token-user",
  "user": {
    "email": "test@test.com",
    "id": 2,
    "name": "Test User",
    "role": "user",
    "vehicle": "MH12XY0001"
  }
}

